Flutter crash report.
Please report a bug at https://github.com/flutter/flutter/issues.

## command

flutter run --machine

## exception

StateError: Bad state: Stream has already been listened to.

```
#0      _StreamController._subscribe (dart:async/stream_controller.dart:695:7)
#1      _ControllerStream._createSubscription (dart:async/stream_controller.dart:854:20)
#2      _StreamImpl.listen (dart:async/stream_impl.dart:516:42)
#3      _Socket.listen (dart:io-patch/socket_patch.dart:2721:31)
#4      _StdStream.listen (dart:io/stdio.dart:26:20)
#5      new DaemonInputStreamConverter.<anonymous closure> (package:flutter_tools/src/daemon.dart:64:70)
#6      _runGuarded (dart:async/stream_controller.dart:838:24)
#7      _StreamController._subscribe.<anonymous closure> (dart:async/stream_controller.dart:716:7)
#8      _BufferingStreamSubscription._guardCallback (dart:async/stream_impl.dart:457:13)
#9      _StreamController._subscribe (dart:async/stream_controller.dart:715:18)
#10     _ControllerStream._createSubscription (dart:async/stream_controller.dart:854:20)
#11     _StreamImpl.listen (dart:async/stream_impl.dart:516:42)
#12     new DaemonConnection (package:flutter_tools/src/daemon.dart:247:54)
#13     new Daemon.createMachineDaemon (package:flutter_tools/src/commands/daemon.dart:200:7)
#14     RunCommand.createMachineDaemon (package:flutter_tools/src/commands/run.dart:778:19)
#15     RunCommand.runCommand (package:flutter_tools/src/commands/run.dart:794:29)
<asynchronous suspension>
#16     FlutterCommand.run.<anonymous closure> (package:flutter_tools/src/runner/flutter_command.dart:1590:27)
<asynchronous suspension>
#17     AppContext.run.<anonymous closure> (package:flutter_tools/src/base/context.dart:154:19)
<asynchronous suspension>
#18     CommandRunner.runCommand (package:args/command_runner.dart:212:13)
<asynchronous suspension>
#19     FlutterCommandRunner.runCommand.<anonymous closure> (package:flutter_tools/src/runner/flutter_command_runner.dart:496:9)
<asynchronous suspension>
#20     AppContext.run.<anonymous closure> (package:flutter_tools/src/base/context.dart:154:19)
<asynchronous suspension>
#21     FlutterCommandRunner.runCommand (package:flutter_tools/src/runner/flutter_command_runner.dart:431:5)
<asynchronous suspension>
#22     FlutterCommandRunner.run.<anonymous closure> (package:flutter_tools/src/runner/flutter_command_runner.dart:307:33)
<asynchronous suspension>
#23     run.<anonymous closure>.<anonymous closure> (package:flutter_tools/runner.dart:104:11)
<asynchronous suspension>
#24     AppContext.run.<anonymous closure> (package:flutter_tools/src/base/context.dart:154:19)
<asynchronous suspension>
#25     main (package:flutter_tools/executable.dart:103:3)
<asynchronous suspension>
```

## flutter doctor

```
[32m[✓][39m Flutter (Channel stable, 3.41.8, on Ubuntu 24.04.4 LTS 6.17.0-22-generic, locale en_US.UTF-8)
    [338ms]
    [32m•[39m Flutter version 3.41.8 on channel stable at /home/dev/snap/flutter/common/flutter
    [32m•[39m Upstream repository https://github.com/flutter/flutter.git
    [32m•[39m Framework revision 02085feb3f (4 days ago), 2026-04-24 13:54:45 -0700
    [32m•[39m Engine revision 59aa584fdf
    [32m•[39m Dart version 3.11.5
    [32m•[39m DevTools version 2.54.2
    [32m•[39m Feature flags: enable-web, enable-linux-desktop, enable-macos-desktop, enable-windows-desktop,
      enable-android, enable-ios, cli-animations, enable-native-assets, omit-legacy-version-file,
      enable-lldb-debugging, enable-uiscene-migration

[32m[✓][39m Android toolchain - develop for Android devices (Android SDK version 37.0.0) [11.0s]
    [32m•[39m Android SDK at /home/dev/Android/Sdk
    [32m•[39m Emulator version 36.5.10.0 (build_id 15081367) (CL:N/A)
    [32m•[39m Platform android-37.0, build-tools 37.0.0
    [32m•[39m Java binary at: /snap/android-studio/209/jbr/bin/java
      This is the JDK bundled with the latest Android Studio installation on this machine.
      To manually set the JDK path, use: `flutter config --jdk-dir="path/to/jdk"`.
    [32m•[39m Java version OpenJDK Runtime Environment (build 21.0.7+-13880790-b1038.58)
    [32m•[39m All Android licenses accepted.

[32m[✓][39m Chrome - develop for the web [31ms]
    [32m•[39m Chrome at google-chrome

[32m[✓][39m Linux toolchain - develop for Linux desktop [3.4s]
    [32m•[39m clang version 10.0.0-4ubuntu1
    [32m•[39m cmake version 3.16.3
    [32m•[39m ninja version 1.10.0
    [32m•[39m pkg-config version 0.29.1
    [33m![39m Unable to access driver information using 'eglinfo'.
      It is likely available from your distribution (e.g.: apt install mesa-utils)

[32m[✓][39m Connected device (2 available) [315ms]
    [32m•[39m Linux (desktop) • linux  • linux-x64      • Ubuntu 24.04.4 LTS 6.17.0-22-generic
    [32m•[39m Chrome (web)    • chrome • web-javascript • Google Chrome 147.0.7727.101

[32m[✓][39m Network resources [1,882ms]
    [32m•[39m All expected network resources are available.

[32m•[39m No issues found!
```
